../Dixom/Module/FmRadio/SI4741/SI47xx.c:43:6:Init_SI47xx	8	static
../Dixom/Module/FmRadio/SI4741/SI47xx.c:93:6:SI4741_PowerpUP	24	static
../Dixom/Module/FmRadio/SI4741/SI47xx.c:178:6:Test1	8	static
../Dixom/Module/FmRadio/SI4741/SI47xx.c:189:6:Test2	8	static
../Dixom/Module/FmRadio/SI4741/SI47xx.c:195:6:Test3	8	static
../Dixom/Module/FmRadio/SI4741/SI47xx.c:206:6:Test4	8	static
../Dixom/Module/FmRadio/SI4741/SI47xx.c:212:9:SetCMD	32	static
../Dixom/Module/FmRadio/SI4741/SI47xx.c:221:9:SetProperties	40	static
../Dixom/Module/FmRadio/SI4741/SI47xx.c:235:9:SetCMDnoDMA	32	static
../Dixom/Module/FmRadio/SI4741/SI47xx.c:245:9:SetPropertiesNoDMA	40	static
../Dixom/Module/FmRadio/SI4741/SI47xx.c:259:9:GetProperties	40	static
../Dixom/Module/FmRadio/SI4741/SI47xx.c:271:9:GetStateCTS	32	static
../Dixom/Module/FmRadio/SI4741/SI47xx.c:287:9:GetStatus	32	static
../Dixom/Module/FmRadio/SI4741/SI47xx.c:303:6:SI_4741_Set_Spacing	8	static
../Dixom/Module/FmRadio/SI4741/SI47xx.c:311:6:GetRevision	40	static
../Dixom/Module/FmRadio/SI4741/SI47xx.c:329:6:SI47xx_AutoSearch	40	static
../Dixom/Module/FmRadio/SI4741/SI47xx.c:356:6:SI47xx_ManualSearch	16	static
../Dixom/Module/FmRadio/SI4741/SI47xx.c:378:6:SI47xx_setFreq	32	static
../Dixom/Module/FmRadio/SI4741/SI47xx.c:388:6:GetTuneStatus	40	static
../Dixom/Module/FmRadio/SI4741/SI47xx.c:428:6:GetRsqStatus	48	static
../Dixom/Module/FmRadio/SI4741/SI47xx.c:451:13:make_printable	16	static
../Dixom/Module/FmRadio/SI4741/SI47xx.c:457:6:GetRdsStatus	104	dynamic
../Dixom/Module/FmRadio/SI4741/SI47xx.c:792:6:SI47xx_GET_RADIO_FREQ	8	static
../Dixom/Module/FmRadio/SI4741/SI47xx.c:796:6:SI47xx_RADIO_AUTO_SEARCH	32	static
../Dixom/Module/FmRadio/SI4741/SI47xx.c:809:6:SI47xx_RADIO_MANUAL_SEARCH	32	static
../Dixom/Module/FmRadio/SI4741/SI47xx.c:823:7:GET_SI47xx_InitInfo	16	static
../Dixom/Module/FmRadio/SI4741/SI47xx.c:833:6:SI47xx_GetFreq	40	static
../Dixom/Module/FmRadio/SI4741/SI47xx.c:845:6:SI47xx_GetStatus	32	static
../Dixom/Module/FmRadio/SI4741/SI47xx.c:856:6:SI47xx_GetAgc	32	static
