../Dixom/Module/FmRadio/FmRadio_Control.c:18:6:RADIO_SET_FREQ	32	static
../Dixom/Module/FmRadio/FmRadio_Control.c:36:6:RADIO_SET_AUTO_SEARCH	32	static
../Dixom/Module/FmRadio/FmRadio_Control.c:54:6:RADIO_SET_MANUAL_SEARCH	32	static
../Dixom/Module/FmRadio/FmRadio_Control.c:71:6:RADIO_SET_SETTINGS	48	static
../Dixom/Module/FmRadio/FmRadio_Control.c:101:6:RADIO_SET_PRESET	40	static
../Dixom/Module/FmRadio/FmRadio_Control.c:124:6:RADIO_SET_CURRENT_PRESET	40	static
../Dixom/Module/FmRadio/FmRadio_Control.c:147:6:RADIO_SET_SAVE_PRESET	40	static
../Dixom/Module/FmRadio/FmRadio_Control.c:169:6:RADIO_SET_AUTO_SAVE_PRESET	32	static
../Dixom/Module/FmRadio/FmRadio_Control.c:195:6:RADIO_SET_DELETE_PRESET	32	static
../Dixom/Module/FmRadio/FmRadio_Control.c:215:6:RADIO_GET_FREQ	24	static
../Dixom/Module/FmRadio/FmRadio_Control.c:229:6:RADIO_GET_SETTINGS	56	static
../Dixom/Module/FmRadio/FmRadio_Control.c:257:6:RADIO_GET_TABLE_PRESET	40	static
../Dixom/Module/FmRadio/FmRadio_Control.c:267:6:RADIO_GET_CURRENT_PRESET	32	static
../Dixom/Module/FmRadio/FmRadio_Control.c:275:6:RADIO_GET_MODULE_INFO	16	static
../Dixom/Module/FmRadio/FmRadio_Control.c:280:6:RADIO_GET_SERVICE_INFORMATION	32	static
../Dixom/Module/FmRadio/FmRadio_Control.c:293:6:FmRadio_Set_Frequency	16	static
../Dixom/Module/FmRadio/FmRadio_Control.c:308:6:FmRadio_Set_Auto_Search	16	static
../Dixom/Module/FmRadio/FmRadio_Control.c:319:6:FmRadio_Set_Marual_Search	16	static
../Dixom/Module/FmRadio/FmRadio_Control.c:329:6:FmRadio_Set_Settings	8	static
../Dixom/Module/FmRadio/FmRadio_Control.c:340:6:FmRadio_Preset_Routing	32	static
../Dixom/Module/FmRadio/FmRadio_Control.c:383:6:Radio_Eeprom_NeedToSave	4	static
../Dixom/Module/FmRadio/FmRadio_Control.c:387:6:Radio_Flash_NeedToSave	4	static
../Dixom/Module/FmRadio/FmRadio_Control.c:391:6:FmRadio_Get_Curent_Preset	24	static
