../Dixom/Module/FmRadio/FmRadio.c:25:6:RADIO_SET_STRING_CONTROL	24	static
../Dixom/Module/FmRadio/FmRadio.c:52:9:FM_Radio_EEPROM_Read	24	static
../Dixom/Module/FmRadio/FmRadio.c:72:9:FM_Radio_EEPROM_Write	24	static
../Dixom/Module/FmRadio/FmRadio.c:84:9:FM_Radio_Default	16	static
../Dixom/Module/FmRadio/FmRadio.c:114:6:Automatic_Detection_FM_Radio_And_Initialization	8	static
../Dixom/Module/FmRadio/FmRadio.c:129:6:FM_RADIO_SHOW_PARAMETERS	16	static
../Dixom/Module/FmRadio/FmRadio.c:141:6:FM_Radio_Loop	8	static
../Dixom/Module/FmRadio/FmRadio.c:148:6:FM_Radio_Execution_With_Time_Interval_2000ms	8	static
