../Dixom/Settings/Settings.c:12:9:Settings_Struct_Flash_Read	8	static
../Dixom/Settings/Settings.c:25:9:Settings_Struct_EEPROM_Read	4	static
../Dixom/Settings/Settings.c:31:9:Settings_Initialization_Final	4	static
../Dixom/Settings/Settings.c:44:9:Settings_Struct_Flash_Write	8	static
../Dixom/Settings/Settings.c:51:9:Settings_Struct_EEPROM_Write	4	static
../Dixom/Settings/Settings.c:55:9:Timer_Default	16	static
../Dixom/Settings/Settings.c:67:9:Settings_Default	16	static
../Dixom/Settings/Settings.c:80:9:Settings_Struct_Default	8	static
../Dixom/Settings/Settings.c:89:6:TIMER	32	static
../Dixom/Settings/Settings.c:125:7:TIMER_SHOW_PARAMETERS	40	static
../Dixom/Settings/Settings.c:135:6:SETTINGS	40	static
../Dixom/Settings/Settings.c:170:6:SETTINGS_SHOW_PARAMETERS	32	static
../Dixom/Settings/Settings.c:180:6:SET_NS_SETTINGS	32	static
../Dixom/Settings/Settings.c:213:6:SetTimer	16	static
../Dixom/Settings/Settings.c:217:10:GetTimer	16	static
../Dixom/Settings/Settings.c:221:6:SetSettings	16	static
../Dixom/Settings/Settings.c:232:9:GetSettings	16	static
../Dixom/Settings/Settings.c:237:6:ActionSettings	16	static
../Dixom/Settings/Settings.c:258:6:ActionSettingsStateSoundCard	16	static
