../Dixom/Module/DSP/DSP.c:14:9:DSP_Struct_Flash_Read	8	static
../Dixom/Module/DSP/DSP.c:28:9:DSP_Struct_EEPROM_Read	88	static
../Dixom/Module/DSP/DSP.c:54:9:DSP_Module_Initialization_Final	8	static
../Dixom/Module/DSP/DSP.c:65:6:DSP_Flash_NeedToSave	8	static
../Dixom/Module/DSP/DSP.c:70:6:DSP_EEPROM_NeedToSave	4	static
../Dixom/Module/DSP/DSP.c:74:9:DSP_Struct_Flash_Write	16	static
../Dixom/Module/DSP/DSP.c:85:9:DSP_Struct_EEPROM_Write	80	static
../Dixom/Module/DSP/DSP.c:110:9:DSP_Struct_Chip_Init	8	static
../Dixom/Module/DSP/DSP.c:117:6:DSP_Loop	8	static
