../Dixom/Module/DSP/DSP_StringControl.c:27:6:SOUND_STRING_CONTROL	24	static
../Dixom/Module/DSP/DSP_StringControl.c:84:6:DSP_Source	32	static
../Dixom/Module/DSP/DSP_StringControl.c:110:6:DSP_Source_Get	24	static
../Dixom/Module/DSP/DSP_StringControl.c:118:6:DSP_SwitchControlSource	40	static
../Dixom/Module/DSP/DSP_StringControl.c:157:6:DSP_SwitchControlSource_Get	40	static
../Dixom/Module/DSP/DSP_StringControl.c:178:6:DSP_SourceEqualizer	104	static
../Dixom/Module/DSP/DSP_StringControl.c:222:6:DSP_Source_Equalizer_Get	80	static
../Dixom/Module/DSP/DSP_StringControl.c:237:6:DSP_GET_INITAL_SOURCE_EQ	24	static
../Dixom/Module/DSP/DSP_StringControl.c:245:6:DSP_Equalizer	104	static
../Dixom/Module/DSP/DSP_StringControl.c:301:6:DSP_Equalizer_Get	80	static
../Dixom/Module/DSP/DSP_StringControl.c:316:6:DSP_GET_INITAL_EQ	24	static
../Dixom/Module/DSP/DSP_StringControl.c:326:6:DSP_Volume	32	static
../Dixom/Module/DSP/DSP_StringControl.c:360:6:DSP_Volume_Get	32	static
../Dixom/Module/DSP/DSP_StringControl.c:369:6:DSP_Volume_Response	24	static
../Dixom/Module/DSP/DSP_StringControl.c:376:6:DSP_DELAY_GROUP_NAME	40	static
../Dixom/Module/DSP/DSP_StringControl.c:403:6:DSP_PRESET_NAME	40	static
../Dixom/Module/DSP/DSP_StringControl.c:430:6:DSP_CHANNEL_NAME	40	static
../Dixom/Module/DSP/DSP_StringControl.c:460:6:DSP_DELAY_GROUP	32	static
../Dixom/Module/DSP/DSP_StringControl.c:485:6:DSP_SwitchControlPreset	32	static
../Dixom/Module/DSP/DSP_StringControl.c:520:6:DSP_SHOW_PARAMETERS	16	static
../Dixom/Module/DSP/DSP_StringControl.c:555:6:DSP_SETTINGS	24	static
../Dixom/Module/DSP/DSP_StringControl.c:562:6:DSP_Settings	24	static
../Dixom/Module/DSP/DSP_StringControl.c:600:6:DSP_Crossover_Get	72	static
../Dixom/Module/DSP/DSP_StringControl.c:616:6:DSP_GET_ALL_CROSS	24	static
../Dixom/Module/DSP/DSP_StringControl.c:624:6:DSP_Crossover	88	static
../Dixom/Module/DSP/DSP_StringControl.c:686:6:DSP_EQ_GAIN	40	static
../Dixom/Module/DSP/DSP_StringControl.c:714:6:DSP_GET_INITAL_GAIN	40	static
../Dixom/Module/DSP/DSP_StringControl.c:730:6:DSP_INVERT_SHOW_PARAMETERS	32	static
../Dixom/Module/DSP/DSP_StringControl.c:740:6:DSP_INVERT	32	static
../Dixom/Module/DSP/DSP_StringControl.c:770:6:DSP_GET_DELAY	40	static
../Dixom/Module/DSP/DSP_StringControl.c:782:6:DSP_Delay	40	static
../Dixom/Module/DSP/DSP_StringControl.c:808:6:DSP_SET_NOISE	32	static
../Dixom/Module/DSP/DSP_StringControl.c:820:6:DSP_GET_NOISE	24	static
../Dixom/Module/DSP/DSP_StringControl.c:828:6:DSP_SET_SINGEN	32	static
../Dixom/Module/DSP/DSP_StringControl.c:842:6:DSP_GET_SINGEN	24	static
../Dixom/Module/DSP/DSP_StringControl.c:850:6:DSP_GET_ALL_EQ	80	static
../Dixom/Module/DSP/DSP_StringControl.c:874:6:DSP_CHANNEL_GROUPING	72	static
../Dixom/Module/DSP/DSP_StringControl.c:922:7:DSP_GET_ALL_CHANNEL_GROUPING	32	static
../Dixom/Module/DSP/DSP_StringControl.c:994:6:DSP_GROUP_NAME	48	static
../Dixom/Module/DSP/DSP_StringControl.c:1021:6:DSP_GET_GROUP_NAME	40	static
../Dixom/Module/DSP/DSP_StringControl.c:1056:6:DSP_GET_ALL_GROUP_NAME	40	static
../Dixom/Module/DSP/DSP_StringControl.c:1095:6:DSP_BypassEqualizer	32	static
../Dixom/Module/DSP/DSP_StringControl.c:1103:6:bypassEqualizer	32	static
../Dixom/Module/DSP/DSP_StringControl.c:1121:6:DSP_EQ_BYPASS_SHOW_PARAMETERS	40	static
../Dixom/Module/DSP/DSP_StringControl.c:1131:6:DSP_SET_COPY_EQ	72	static
../Dixom/Module/DSP/DSP_StringControl.c:1162:6:DSP_SET_COPY_CROSS	72	static
../Dixom/Module/DSP/DSP_StringControl.c:1179:6:DSP_SOURCE_ROUTING	32	static
../Dixom/Module/DSP/DSP_StringControl.c:1193:6:DSP_SET_PHAT_STEREO	32	static
../Dixom/Module/DSP/DSP_StringControl.c:1209:6:DSP_GET_PHAT_STEREO	64	static
../Dixom/Module/DSP/DSP_StringControl.c:1226:6:DSP_GET_ALL_PHAT_STEREO	32	static
../Dixom/Module/DSP/DSP_StringControl.c:1238:6:DSP_SET_WIDESTEREO	24	static
../Dixom/Module/DSP/DSP_StringControl.c:1248:6:DSP_GET_WIDESTEREO	32	static
../Dixom/Module/DSP/DSP_StringControl.c:1262:6:DSP_GET_ALL_WIDESTEREO	32	static
../Dixom/Module/DSP/DSP_StringControl.c:1273:6:DSP_SET_SUPPERBASS	48	static
../Dixom/Module/DSP/DSP_StringControl.c:1292:6:DSP_GET_SUPPERBASS	56	static
../Dixom/Module/DSP/DSP_StringControl.c:1309:6:DSP_GET_ALL_SUPPERBASS	56	static
../Dixom/Module/DSP/DSP_StringControl.c:1324:6:DSP_SET_EQ_DEFAULT	32	static
../Dixom/Module/DSP/DSP_StringControl.c:1344:6:DSP_SET_SOURCE_EQ_DEFAULT	32	static
../Dixom/Module/DSP/DSP_StringControl.c:1364:6:DSP_SET_CROSSOVER_DEFAULT	32	static
../Dixom/Module/DSP/DSP_StringControl.c:1387:6:DSP_SET_LOUDNESS	32	static
../Dixom/Module/DSP/DSP_StringControl.c:1415:6:DSP_GET_ALL_LOUDNESS_F	24	static
../Dixom/Module/DSP/DSP_StringControl.c:1423:6:DSP_GET_LOUDNESS	48	static
../Dixom/Module/DSP/DSP_StringControl.c:1428:6:DSP_SET_VOLUME_CONTROL	32	static
../Dixom/Module/DSP/DSP_StringControl.c:1456:6:DSP_SavePreset	32	static
../Dixom/Module/DSP/DSP_StringControl.c:1474:6:DSP_Preset	32	static
