../Dixom/Module/DSP/DSP_InternalCalls.c:27:9:DSP_Chip_Init	80	static
../Dixom/Module/DSP/DSP_InternalCalls.c:111:9:DSP_Volume_Chip_Init	32	static
../Dixom/Module/DSP/DSP_InternalCalls.c:135:9:DSP_Volume_Default	16	static
../Dixom/Module/DSP/DSP_InternalCalls.c:143:9:DSP_Loudness_Default	32	static
../Dixom/Module/DSP/DSP_InternalCalls.c:157:9:DSP_Settings_Default	16	static
../Dixom/Module/DSP/DSP_InternalCalls.c:164:9:DSP_Group_Ch_Default	16	static
../Dixom/Module/DSP/DSP_InternalCalls.c:171:9:DSP_Grouping_Default	16	static
../Dixom/Module/DSP/DSP_InternalCalls.c:179:9:DSP_Invert_Default	16	static
../Dixom/Module/DSP/DSP_InternalCalls.c:188:9:DSP_Delay_Default	16	static
../Dixom/Module/DSP/DSP_InternalCalls.c:196:9:DSP_DelayGroup_Default	16	static
../Dixom/Module/DSP/DSP_InternalCalls.c:203:9:DSP_DelayGroupName_Default	16	static
../Dixom/Module/DSP/DSP_InternalCalls.c:213:9:DSP_GroupName_Default	16	static
../Dixom/Module/DSP/DSP_InternalCalls.c:229:9:DSP_ChannelName_Default	16	static
../Dixom/Module/DSP/DSP_InternalCalls.c:239:9:DSP_PresetName_Default	16	static
../Dixom/Module/DSP/DSP_InternalCalls.c:251:9:DSP_Gain_Default	16	static
../Dixom/Module/DSP/DSP_InternalCalls.c:260:9:DSP_Struct_Default	104	static
../Dixom/Module/DSP/DSP_InternalCalls.c:404:6:DSP_SETTINGS_SHOW_PARAMETERS	32	static
../Dixom/Module/DSP/DSP_InternalCalls.c:416:6:DSP_SetEqGain	24	static
../Dixom/Module/DSP/DSP_InternalCalls.c:426:6:DSP_GroupSetGain	32	static
../Dixom/Module/DSP/DSP_InternalCalls.c:444:6:DSP_Action_ControlSource	24	static
../Dixom/Module/DSP/DSP_InternalCalls.c:495:6:DSP_SoursRouting	24	static
../Dixom/Module/DSP/DSP_InternalCalls.c:553:6:DSP_SoursSelect	16	static
../Dixom/Module/DSP/DSP_InternalCalls.c:580:6:DSP_SourceVolSet	24	static
../Dixom/Module/DSP/DSP_InternalCalls.c:588:6:DSP_Action_ControlVolum	56	static
../Dixom/Module/DSP/DSP_InternalCalls.c:662:6:DSP_SendDataVol	48	static
../Dixom/Module/DSP/DSP_InternalCalls.c:669:8:DSP_GetVolume	16	static
../Dixom/Module/DSP/DSP_InternalCalls.c:673:7:DSP_SetVolume	24	static
../Dixom/Module/DSP/DSP_InternalCalls.c:696:7:DSP_SetMasterVolume	24	static
../Dixom/Module/DSP/DSP_InternalCalls.c:714:6:DSP_NoiseSwitch	24	static
../Dixom/Module/DSP/DSP_InternalCalls.c:723:6:DSP_SetSinGen	24	static
../Dixom/Module/DSP/DSP_InternalCalls.c:738:6:DSP_DirectVolumControl	40	static
../Dixom/Module/DSP/DSP_InternalCalls.c:755:6:DSP_VolumUP	40	static
../Dixom/Module/DSP/DSP_InternalCalls.c:775:6:DSP_VolumDown	40	static
../Dixom/Module/DSP/DSP_InternalCalls.c:795:6:DSP_VolumeControlSelect	16	static
../Dixom/Module/DSP/DSP_InternalCalls.c:808:6:DSP_SetVolControl	32	static
../Dixom/Module/DSP/DSP_InternalCalls.c:856:6:DSP_GetVolControl	24	static
../Dixom/Module/DSP/DSP_InternalCalls.c:864:6:DSP_StartVolControlSettings	16	static
../Dixom/Module/DSP/DSP_InternalCalls.c:895:6:DSP_Mute	8	static
../Dixom/Module/DSP/DSP_InternalCalls.c:908:6:DSP_ATT	8	static
../Dixom/Module/DSP/DSP_InternalCalls.c:923:6:DSP_ATTRear	16	static
../Dixom/Module/DSP/DSP_InternalCalls.c:932:6:DSP_GroupSetEq	88	static
../Dixom/Module/DSP/DSP_InternalCalls.c:945:6:DSP_GroupUpdate	88	static
../Dixom/Module/DSP/DSP_InternalCalls.c:958:6:DSP_SetEQ	64	static
../Dixom/Module/DSP/DSP_InternalCalls.c:972:6:DSP_UpdatePointEQ	16	static
../Dixom/Module/DSP/DSP_InternalCalls.c:983:6:DSP_SetSourceEQ	64	static
../Dixom/Module/DSP/DSP_InternalCalls.c:997:6:DSP_UpdatePointSourceEQ	16	static
../Dixom/Module/DSP/DSP_InternalCalls.c:1009:9:DSP_GetBypassStatus	16	static
../Dixom/Module/DSP/DSP_InternalCalls.c:1013:6:DSP_SetBypassEq	56	static
../Dixom/Module/DSP/DSP_InternalCalls.c:1040:6:DSP_GroupSetBypassEq	24	static
../Dixom/Module/DSP/DSP_InternalCalls.c:1060:14:DSP_GetEQ	16	static
../Dixom/Module/DSP/DSP_InternalCalls.c:1064:7:DSP_EqGetDataOut	64	static
../Dixom/Module/DSP/DSP_InternalCalls.c:1076:14:DSP_GetCrossover	16	static
../Dixom/Module/DSP/DSP_InternalCalls.c:1083:6:DSP_SetCrossover	144	static
../Dixom/Module/DSP/DSP_InternalCalls.c:1103:6:DSP_UpdatePoint_Cross	16	static
../Dixom/Module/DSP/DSP_InternalCalls.c:1115:6:DSP_setCrossoverOrderedStructAndCalcRes	96	static
../Dixom/Module/DSP/DSP_InternalCalls.c:1219:6:DSP_SetParamLoudness	16	static
../Dixom/Module/DSP/DSP_InternalCalls.c:1227:6:DSP_SetParamLimiter	16	static
../Dixom/Module/DSP/DSP_InternalCalls.c:1234:7:DSP_GetSoundDelay	16	static
../Dixom/Module/DSP/DSP_InternalCalls.c:1238:7:DSP_SetSoundDelay	32	static
../Dixom/Module/DSP/DSP_InternalCalls.c:1271:7:DSP_SetWideStereo	40	static
../Dixom/Module/DSP/DSP_InternalCalls.c:1291:9:DSP_GetWideStereo	16	static
../Dixom/Module/DSP/DSP_InternalCalls.c:1295:8:DSP_GetInvert	16	static
../Dixom/Module/DSP/DSP_InternalCalls.c:1299:7:DSP_SetInvert	32	static
../Dixom/Module/DSP/DSP_InternalCalls.c:1326:6:DSP_SetPhatStereo	24	static
../Dixom/Module/DSP/DSP_InternalCalls.c:1341:9:DefaultState_EQ	24	static
../Dixom/Module/DSP/DSP_InternalCalls.c:1362:9:DefaultState_Source_EQ	24	static
../Dixom/Module/DSP/DSP_InternalCalls.c:1384:9:DefaultState_Cross	16	static
../Dixom/Module/DSP/DSP_InternalCalls.c:1399:9:DefaultState_PhatStereo	16	static
../Dixom/Module/DSP/DSP_InternalCalls.c:1407:9:DefaultState_Loudness	16	static
../Dixom/Module/DSP/DSP_InternalCalls.c:1419:9:DefaultState_WideStereo	16	static
../Dixom/Module/DSP/DSP_InternalCalls.c:1427:9:DefaultState_Volume	16	static
../Dixom/Module/DSP/DSP_InternalCalls.c:1436:9:DefaultState_SupperBass	16	static
../Dixom/Module/DSP/DSP_InternalCalls.c:1449:13:DSP_GetPhatStereo	16	static
../Dixom/Module/DSP/DSP_InternalCalls.c:1454:6:DSP_SetSupperBass	32	static
../Dixom/Module/DSP/DSP_InternalCalls.c:1476:9:DSP_GetSupperBass	16	static
../Dixom/Module/DSP/DSP_InternalCalls.c:1481:9:DSP_Set_Preset	16	static
../Dixom/Module/DSP/DSP_InternalCalls.c:1493:6:DSP_Save_Preset	16	static
../Dixom/Module/DSP/DSP_InternalCalls.c:1501:6:DSP_Default_Eq	64	static
../Dixom/Module/DSP/DSP_InternalCalls.c:1527:6:DSP_Default_Source_Eq	40	static
../Dixom/Module/DSP/DSP_InternalCalls.c:1534:6:DSP_Default_Crossover	48	static
../Dixom/Module/DSP/DSP_InternalCalls.c:1543:6:DSP_GroupSetCross	64	static
../Dixom/Module/DSP/DSP_InternalCalls.c:1559:6:Dsp_GetDelayGroup	32	static
../Dixom/Module/DSP/DSP_InternalCalls.c:1569:6:DSP_SetLoudness	16	static
../Dixom/Module/DSP/DSP_InternalCalls.c:1589:10:DSP_GetGroupName	16	static
../Dixom/Module/DSP/DSP_InternalCalls.c:1593:6:DSP_PresetRouting	16	static
