../Dixom/Module/Display/DisplayText/Src/TextDisplay.c:45:6:Automatic_Detection_Text_Display_And_Initialization	56	static
../Dixom/Module/Display/DisplayText/Src/TextDisplay.c:79:6:Display_Text_ProgressBarr	32	static
../Dixom/Module/Display/DisplayText/Src/TextDisplay.c:94:6:ProgressBarr_Display_Text	40	static
../Dixom/Module/Display/DisplayText/Src/TextDisplay.c:118:6:Display_Text_Character_Creator	40	static
../Dixom/Module/Display/DisplayText/Src/TextDisplay.c:151:6:TextDisplayDoneInit	8	static
../Dixom/Module/Display/DisplayText/Src/TextDisplay.c:172:6:TextMenuLevel1	16	static
../Dixom/Module/Display/DisplayText/Src/TextDisplay.c:203:6:TextMenuLevel2_1	16	static
../Dixom/Module/Display/DisplayText/Src/TextDisplay.c:235:6:TextSourceSetup	16	static
../Dixom/Module/Display/DisplayText/Src/TextDisplay.c:273:6:TextBrightness	16	static
../Dixom/Module/Display/DisplayText/Src/TextDisplay.c:321:6:TextMenuViewError	32	static
../Dixom/Module/Display/DisplayText/Src/TextDisplay.c:376:6:TextMenuError	16	static
../Dixom/Module/Display/DisplayText/Src/TextDisplay.c:402:6:TextGroupVol	16	static
../Dixom/Module/Display/DisplayText/Src/TextDisplay.c:533:6:TextMenuMain	24	static
../Dixom/Module/Display/DisplayText/Src/TextDisplay.c:609:6:TextEventVolume	16	static
../Dixom/Module/Display/DisplayText/Src/TextDisplay.c:613:6:TextDisplayClear	4	static
../Dixom/Module/Display/DisplayText/Src/TextDisplay.c:617:6:TextMenuSource	16	static
../Dixom/Module/Display/DisplayText/Src/TextDisplay.c:621:6:TextTimerUpdate	16	static
../Dixom/Module/Display/DisplayText/Src/TextDisplay.c:625:6:TextMenuTimeset	16	static
../Dixom/Module/Display/DisplayText/Src/TextDisplay.c:631:6:TextMenuVolGroup	16	static
../Dixom/Module/Display/DisplayText/Src/TextDisplay.c:635:6:TextMenuPresetEq	16	static
../Dixom/Module/Display/DisplayText/Src/TextDisplay.c:639:6:TextMenuPresetCross	16	static
../Dixom/Module/Display/DisplayText/Src/TextDisplay.c:643:6:TextMenuBrightness	16	static
../Dixom/Module/Display/DisplayText/Src/TextDisplay.c:647:6:TextMenuLoudness	16	static
../Dixom/Module/Display/DisplayText/Src/TextDisplay.c:651:6:TIM6_mSecondMenu	4	static
../Dixom/Module/Display/DisplayText/Src/TextDisplay.c:655:6:TextDisplayMenu	4	static
../Dixom/Module/Display/DisplayText/Src/TextDisplay.c:659:6:LcdGeneralWhile_Text	4	static
../Dixom/Module/Display/DisplayText/Src/TextDisplay.c:664:6:Menu1set	4	static
../Dixom/Module/Display/DisplayText/Src/TextDisplay.c:668:6:Menu1up	4	static
../Dixom/Module/Display/DisplayText/Src/TextDisplay.c:672:6:Menu1down	4	static
../Dixom/Module/Display/DisplayText/Src/TextDisplay.c:676:6:Menu1Function	4	static
../Dixom/Module/Display/DisplayText/Src/TextDisplay.c:681:6:Menu1FunctionAction	4	static
../Dixom/Module/Display/DisplayText/Src/TextDisplay.c:686:6:TextMenuEqSetup	16	static
../Dixom/Module/Display/DisplayText/Src/TextDisplay.c:690:6:TextDisplayPowerDown	16	static
../Dixom/Module/Display/DisplayText/Src/TextDisplay.c:700:6:TextDisplayEvent	16	static
