../Dixom/Module/FmRadio/RDA5807FP/RDA_5807.c:30:6:Transmit_RADIO	40	static
../Dixom/Module/FmRadio/RDA5807FP/RDA_5807.c:36:6:Receiver_RADIO	32	static
../Dixom/Module/FmRadio/RDA5807FP/RDA_5807.c:42:6:Receiver_RADIO_bytesChange	24	static
../Dixom/Module/FmRadio/RDA5807FP/RDA_5807.c:93:6:StructRadioInit_rda5807	32	static
../Dixom/Module/FmRadio/RDA5807FP/RDA_5807.c:210:6:GET_RADIO_ALL	56	static
../Dixom/Module/FmRadio/RDA5807FP/RDA_5807.c:264:6:SET_RADIO_FREQ	32	static
../Dixom/Module/FmRadio/RDA5807FP/RDA_5807.c:279:6:GET_RADIO_FREQ	8	static
../Dixom/Module/FmRadio/RDA5807FP/RDA_5807.c:283:6:GET_SIGNAL_LEVEL	32	static
../Dixom/Module/FmRadio/RDA5807FP/RDA_5807.c:335:6:GET_PRESET_RADIO	56	static
../Dixom/Module/FmRadio/RDA5807FP/RDA_5807.c:429:6:SetRadioPreset	16	static
../Dixom/Module/FmRadio/RDA5807FP/RDA_5807.c:450:6:RadioAutoSearch	16	static
../Dixom/Module/FmRadio/RDA5807FP/RDA_5807.c:458:6:RadioPresetRouting	32	static
../Dixom/Module/FmRadio/RDA5807FP/RDA_5807.c:501:7:GetRadioFreq	4	static
../Dixom/Module/FmRadio/RDA5807FP/RDA_5807.c:505:6:RadioGetFreq	24	static
../Dixom/Module/FmRadio/RDA5807FP/RDA_5807.c:528:6:RadioManualSearch	16	static
../Dixom/Module/FmRadio/RDA5807FP/RDA_5807.c:592:6:updateRadioSpacing	8	static
../Dixom/Module/FmRadio/RDA5807FP/RDA_5807.c:601:6:updateRadioBand	8	static
../Dixom/Module/FmRadio/RDA5807FP/RDA_5807.c:627:6:RadioAutoSearchTimer	80	static
../Dixom/Module/FmRadio/RDA5807FP/RDA_5807.c:674:6:RDA5807_setFreq	16	static
../Dixom/Module/FmRadio/RDA5807FP/RDA_5807.c:687:6:RDA5807_setBand	16	static
../Dixom/Module/FmRadio/RDA5807FP/RDA_5807.c:695:6:RDA5807_setSpacing	16	static
../Dixom/Module/FmRadio/RDA5807FP/RDA_5807.c:702:6:RDA5807_autoSearch	24	static
../Dixom/Module/FmRadio/RDA5807FP/RDA_5807.c:720:6:Readregisters	8	static
../Dixom/Module/FmRadio/RDA5807FP/RDA_5807.c:749:6:ProcessData	8	static
