../Usb/COMPOSITE/Core/Src/../../../../Usb/COMPOSITE/Core/Inc/../../../../Usb/COMPOSITE/Core/Inc/usbd_def.h:342:26:SWAPBYTE	32	static
../Usb/COMPOSITE/Core/Src/usbd_ctlreq.c:101:20:USBD_StdDevReq	24	static
../Usb/COMPOSITE/Core/Src/usbd_ctlreq.c:164:20:USBD_StdItfReq	24	static
../Usb/COMPOSITE/Core/Src/usbd_ctlreq.c:215:20:USBD_StdEPReq	24	static
../Usb/COMPOSITE/Core/Src/usbd_ctlreq.c:381:13:USBD_GetDescriptor	24	static
../Usb/COMPOSITE/Core/Src/usbd_ctlreq.c:589:13:USBD_SetAddress	24	static
../Usb/COMPOSITE/Core/Src/usbd_ctlreq.c:630:27:USBD_SetConfig	24	static
../Usb/COMPOSITE/Core/Src/usbd_ctlreq.c:721:13:USBD_GetConfig	16	static
../Usb/COMPOSITE/Core/Src/usbd_ctlreq.c:755:13:USBD_GetStatus	16	static
../Usb/COMPOSITE/Core/Src/usbd_ctlreq.c:796:13:USBD_SetFeature	16	static
../Usb/COMPOSITE/Core/Src/usbd_ctlreq.c:813:13:USBD_ClrFeature	16	static
../Usb/COMPOSITE/Core/Src/usbd_ctlreq.c:841:6:USBD_ParseSetupRequest	24	static
../Usb/COMPOSITE/Core/Src/usbd_ctlreq.c:870:6:USBD_CtlError	16	static
../Usb/COMPOSITE/Core/Src/usbd_ctlreq.c:887:6:USBD_GetString	32	static
../Usb/COMPOSITE/Core/Src/usbd_ctlreq.c:923:16:USBD_GetLen	24	static
