../Usb/COMPOSITE/Class/HID_CUSTOM/Src/usbd_hid_custom.c:362:16:USBD_CUSTOM_HID_Init	24	static
../Usb/COMPOSITE/Class/HID_CUSTOM/Src/usbd_hid_custom.c:418:16:USBD_CUSTOM_HID_DeInit	16	static
../Usb/COMPOSITE/Class/HID_CUSTOM/Src/usbd_hid_custom.c:452:16:USBD_CUSTOM_HID_Setup	40	static
../Usb/COMPOSITE/Class/HID_CUSTOM/Src/usbd_hid_custom.c:581:9:USBD_CUSTOM_HID_SendReport	32	static
../Usb/COMPOSITE/Class/HID_CUSTOM/Src/usbd_hid_custom.c:615:17:USBD_CUSTOM_HID_GetFSCfgDesc	16	static
../Usb/COMPOSITE/Class/HID_CUSTOM/Src/usbd_hid_custom.c:629:17:USBD_CUSTOM_HID_GetHSCfgDesc	16	static
../Usb/COMPOSITE/Class/HID_CUSTOM/Src/usbd_hid_custom.c:643:17:USBD_CUSTOM_HID_GetOtherSpeedCfgDesc	16	static
../Usb/COMPOSITE/Class/HID_CUSTOM/Src/usbd_hid_custom.c:657:16:USBD_CUSTOM_HID_DataIn	16	static
../Usb/COMPOSITE/Class/HID_CUSTOM/Src/usbd_hid_custom.c:676:16:USBD_CUSTOM_HID_DataOut	24	static
../Usb/COMPOSITE/Class/HID_CUSTOM/Src/usbd_hid_custom.c:705:9:USBD_CUSTOM_HID_ReceivePacket	24	static
../Usb/COMPOSITE/Class/HID_CUSTOM/Src/usbd_hid_custom.c:729:16:USBD_CUSTOM_HID_EP0_RxReady	24	static
../Usb/COMPOSITE/Class/HID_CUSTOM/Src/usbd_hid_custom.c:753:17:USBD_CUSTOM_HID_GetDeviceQualifierDesc	16	static
../Usb/COMPOSITE/Class/HID_CUSTOM/Src/usbd_hid_custom.c:766:9:USBD_CUSTOM_HID_RegisterInterface	16	static
../Usb/COMPOSITE/Class/HID_CUSTOM/Src/usbd_hid_custom.c:779:6:USBD_Update_HID_Custom_DESC	16	static
