../Dixom/Module/Bluetooth/Bluetooth.c:26:6:UpdteNetvorkSignal	16	static
../Dixom/Module/Bluetooth/Bluetooth.c:31:6:Phone_IncomingCall	8	static
../Dixom/Module/Bluetooth/Bluetooth.c:35:6:Phone_OutgoingCall	8	static
../Dixom/Module/Bluetooth/Bluetooth.c:44:6:Phone_CompletedCall	8	static
../Dixom/Module/Bluetooth/Bluetooth.c:48:6:Phone_ActiveCall	8	static
../Dixom/Module/Bluetooth/Bluetooth.c:57:6:BtDiviceState	16	static
../Dixom/Module/Bluetooth/Bluetooth.c:61:6:SetA2dpCodec	16	static
../Dixom/Module/Bluetooth/Bluetooth.c:65:10:GetBtDiviceState	4	static
../Dixom/Module/Bluetooth/Bluetooth.c:70:6:BT_module_param_clear	16	static
../Dixom/Module/Bluetooth/Bluetooth.c:98:6:BLUETOOTH_Data_out	24	static
../Dixom/Module/Bluetooth/Bluetooth.c:105:6:Bluetooth_Loop	8	static
../Dixom/Module/Bluetooth/Bluetooth.c:114:6:Initialization_Bluetooth	8	static
../Dixom/Module/Bluetooth/Bluetooth.c:128:6:BLUETOOTH_SETTINGS	24	static
../Dixom/Module/Bluetooth/Bluetooth.c:135:9:Bluetooth_EEPROM_Read	24	static
../Dixom/Module/Bluetooth/Bluetooth.c:155:9:Bluetooth_EEPROM_Write	24	static
../Dixom/Module/Bluetooth/Bluetooth.c:167:9:Bluetooth_Settings_Default	16	static
../Dixom/Module/Bluetooth/Bluetooth.c:175:6:Bluetooth_Settings	24	static
../Dixom/Module/Bluetooth/Bluetooth.c:230:6:BLUETOOTH_Menu	16	static
../Dixom/Module/Bluetooth/Bluetooth.c:305:6:BluetoothAction	16	static
../Dixom/Module/Bluetooth/Bluetooth.c:311:6:Bluetooth_Play_Pause	8	static
../Dixom/Module/Bluetooth/Bluetooth.c:320:6:Bluetooth_Play	8	static
../Dixom/Module/Bluetooth/Bluetooth.c:328:6:Bluetooth_Pause	8	static
../Dixom/Module/Bluetooth/Bluetooth.c:336:6:Bluetooth_Stop	8	static
../Dixom/Module/Bluetooth/Bluetooth.c:344:6:Bluetooth_Track_Next	8	static
../Dixom/Module/Bluetooth/Bluetooth.c:353:6:Bluetooth_Track_Prev	8	static
../Dixom/Module/Bluetooth/Bluetooth.c:361:6:Bluetooth_Forward	8	static
../Dixom/Module/Bluetooth/Bluetooth.c:369:6:Bluetooth_Rewind	8	static
../Dixom/Module/Bluetooth/Bluetooth.c:377:6:Bluetooth_PhoneReply	8	static
../Dixom/Module/Bluetooth/Bluetooth.c:385:6:Bluetooth_PhoneCancel	8	static
../Dixom/Module/Bluetooth/Bluetooth.c:393:6:Bluetooth_PhoneRedial	8	static
../Dixom/Module/Bluetooth/Bluetooth.c:408:6:FSC_Bluetooth_Transmit	56	dynamic
