../Dixom/Module/Bluetooth/FSC_BT806.c:24:6:ScanBtDeviceDisconnecting	24	static
../Dixom/Module/Bluetooth/FSC_BT806.c:54:5:LoopBT	8	static
../Dixom/Module/Bluetooth/FSC_BT806.c:88:10:getBufPtr	16	static
../Dixom/Module/Bluetooth/FSC_BT806.c:95:5:FscGetSppData	32	static
../Dixom/Module/Bluetooth/FSC_BT806.c:135:6:setTpMode	16	static
../Dixom/Module/Bluetooth/FSC_BT806.c:140:9:BluetoothMenu	32	static
../Dixom/Module/Bluetooth/FSC_BT806.c:193:6:DOWNLOAD_PBOOK_FSC	40	static
../Dixom/Module/Bluetooth/FSC_BT806.c:211:6:MEDIA_FSC	16	static
../Dixom/Module/Bluetooth/FSC_BT806.c:225:6:PHONE_FSC	16	static
../Dixom/Module/Bluetooth/FSC_BT806.c:235:6:SPP_FSC	16	static
../Dixom/Module/Bluetooth/FSC_BT806.c:241:6:FscGetNetworkName	32	static
../Dixom/Module/Bluetooth/FSC_BT806.c:254:6:FscGetNetworkSignal	24	static
../Dixom/Module/Bluetooth/FSC_BT806.c:262:6:FscGetDeviceAddName	32	static
../Dixom/Module/Bluetooth/FSC_BT806.c:294:6:FscDeviceStandby	32	static
../Dixom/Module/Bluetooth/FSC_BT806.c:328:6:FscMediaTrackStat	24	static
../Dixom/Module/Bluetooth/FSC_BT806.c:340:6:FscMediaTrackInfo	64	dynamic
../Dixom/Module/Bluetooth/FSC_BT806.c:377:6:FscMediaPlayStat	24	static
../Dixom/Module/Bluetooth/FSC_BT806.c:399:6:FscPhoneIncoming	32	static
../Dixom/Module/Bluetooth/FSC_BT806.c:414:6:FscPhoneState	24	static
../Dixom/Module/Bluetooth/FSC_BT806.c:426:6:FscSpeakerphoneState	24	static
../Dixom/Module/Bluetooth/FSC_BT806.c:440:6:FscPhoneBook	72	dynamic
../Dixom/Module/Bluetooth/FSC_BT806.c:533:6:FscBookState	24	static
../Dixom/Module/Bluetooth/FSC_BT806.c:540:6:FscA2dpCodec	24	static
../Dixom/Module/Bluetooth/FSC_BT806.c:549:6:FscModuleVersion	24	static
../Dixom/Module/Bluetooth/FSC_BT806.c:596:6:FscModuleName	24	static
../Dixom/Module/Bluetooth/FSC_BT806.c:605:6:FscModulePass	24	static
../Dixom/Module/Bluetooth/FSC_BT806.c:615:6:FscModuleAddr	24	static
../Dixom/Module/Bluetooth/FSC_BT806.c:624:6:FscModuleStat	16	static
../Dixom/Module/Bluetooth/FSC_BT806.c:634:6:FscModulePlist	32	static
../Dixom/Module/Bluetooth/FSC_BT806.c:665:6:FscSppData	24	static
../Dixom/Module/Bluetooth/FSC_BT806.c:718:6:FscSppState	16	static
../Dixom/Module/Bluetooth/FSC_BT806.c:729:6:BluetoothSignature	4	static
../Dixom/Module/Bluetooth/FSC_BT806.c:739:6:Transmit_Long_Data_Out	104	static
