../Dixom/Module/AudioDAC/AMP_CrystalSix140D/CrystalSix140DThermometer.c:37:6:CrystalSix140DTemperatureReadStream	8	static
../Dixom/Module/AudioDAC/AMP_CrystalSix140D/CrystalSix140DThermometer.c:51:6:GetRealTemperature	16	static
../Dixom/Module/AudioDAC/AMP_CrystalSix140D/CrystalSix140DThermometer.c:61:6:ShowAmplifierTemperature	8	static
../Dixom/Module/AudioDAC/AMP_CrystalSix140D/CrystalSix140DThermometer.c:68:6:GetTemperature	16	static
../Dixom/Module/AudioDAC/AMP_CrystalSix140D/CrystalSix140DThermometer.c:76:6:GetConfigThermometer	16	static
../Dixom/Module/AudioDAC/AMP_CrystalSix140D/CrystalSix140DThermometer.c:84:6:CurentTemperatureRead	24	static
../Dixom/Module/AudioDAC/AMP_CrystalSix140D/CrystalSix140DThermometer.c:93:6:ThermometerConfigRead	24	static
../Dixom/Module/AudioDAC/AMP_CrystalSix140D/CrystalSix140DThermometer.c:102:6:SetConfigTemperature	32	static
../Dixom/Module/AudioDAC/AMP_CrystalSix140D/CrystalSix140DThermometer.c:113:6:InitCrystalSixThermometer	24	static
../Dixom/Module/AudioDAC/AMP_CrystalSix140D/CrystalSix140DThermometer.c:126:6:CONFIG_CRYSTALSIX140D_THERMOMETER	32	static
