../Dixom/Pereferiya/GPIO/Src/GPIO.c:20:6:Launch_Initialization_Gpio	8	static
../Dixom/Pereferiya/GPIO/Src/GPIO.c:70:6:Configured_Initialization_Gpio	8	static
../Dixom/Pereferiya/GPIO/Src/GPIO.c:100:6:Power_DCDC_33V_5V	16	static
../Dixom/Pereferiya/GPIO/Src/GPIO.c:110:6:Up_Modules_Reset	16	static
../Dixom/Pereferiya/GPIO/Src/GPIO.c:120:6:Power_LED	16	static
../Dixom/Pereferiya/GPIO/Src/GPIO.c:130:6:Power_USB1	24	static
../Dixom/Pereferiya/GPIO/Src/GPIO.c:142:6:Power_USB2	24	static
../Dixom/Pereferiya/GPIO/Src/GPIO.c:154:6:Power_VBUS	16	static
../Dixom/Pereferiya/GPIO/Src/GPIO.c:163:6:Switch_Trigger1	16	static
../Dixom/Pereferiya/GPIO/Src/GPIO.c:173:6:Switch_Trigger2	16	static
../Dixom/Pereferiya/GPIO/Src/GPIO.c:183:6:Switch_Trigger3	16	static
../Dixom/Pereferiya/GPIO/Src/GPIO.c:193:6:Switch_Dac_Reset	16	static
../Dixom/Pereferiya/GPIO/Src/GPIO.c:201:6:Switch_USB_Otg	16	static
../Dixom/Pereferiya/GPIO/Src/GPIO.c:211:6:Power_CINV_12v	16	static
../Dixom/Pereferiya/GPIO/Src/GPIO.c:220:6:Power_Remout	16	static
../Dixom/Pereferiya/GPIO/Src/GPIO.c:229:6:Power_Camera	16	static
../Dixom/Pereferiya/GPIO/Src/GPIO.c:237:6:Switch_CS_DSP	16	static
../Dixom/Pereferiya/GPIO/Src/GPIO.c:245:6:Switch_CS_FLASH	16	static
../Dixom/Pereferiya/GPIO/Src/GPIO.c:255:6:SetTrigger	16	static
../Dixom/Pereferiya/GPIO/Src/GPIO.c:331:6:Trigger_State_Show	24	static
../Dixom/Pereferiya/GPIO/Src/GPIO.c:340:6:SET_STATE_USB	32	static
../Dixom/Pereferiya/GPIO/Src/GPIO.c:380:6:GET_STATE_USB	48	static
../Dixom/Pereferiya/GPIO/Src/GPIO.c:407:6:RearPinState	8	static
../Dixom/Pereferiya/GPIO/Src/GPIO.c:419:6:SetRearState	16	static
../Dixom/Pereferiya/GPIO/Src/GPIO.c:449:6:OnOffRearCam	8	static
../Dixom/Pereferiya/GPIO/Src/GPIO.c:476:6:ActionRearState	8	static
../Dixom/Pereferiya/GPIO/Src/GPIO.c:577:6:RearCamVolDwon	16	static
../Dixom/Pereferiya/GPIO/Src/GPIO.c:588:6:ReadCamVolUp	8	static
../Dixom/Pereferiya/GPIO/Src/GPIO.c:595:6:GPIO_Loop	8	static
