../Dixom/Control/AnalogControl/Analog.c:16:6:SET_EXTERNAL_CONTROL	24	static
../Dixom/Control/AnalogControl/Analog.c:26:6:CONTROL_Settings	32	static
../Dixom/Control/AnalogControl/Analog.c:59:6:CONTROL_Show_Settings	32	static
../Dixom/Control/AnalogControl/Analog.c:68:10:AnalogControl_Initialization_Final	4	static
../Dixom/Control/AnalogControl/Analog.c:75:7:setDefaultControlSettings	16	static
../Dixom/Control/AnalogControl/Analog.c:81:10:AnalogControl_Struct_Default	32	static
../Dixom/Control/AnalogControl/Analog.c:143:7:ANALOG_SET_BUTTON	144	static
../Dixom/Control/AnalogControl/Analog.c:235:7:ANALOG_GET_BUTTON	32	static
../Dixom/Control/AnalogControl/Analog.c:250:7:ANALOG_GET_ALL_BUTTON	32	static
../Dixom/Control/AnalogControl/Analog.c:275:6:SHOW_CONTROL_PARAMETERS	16	static
../Dixom/Control/AnalogControl/Analog.c:280:7:ANALOG_BUTTON_SHOW_PARAMETERS	24	static
../Dixom/Control/AnalogControl/Analog.c:295:7:Analog_LogicOfActions	16	static
../Dixom/Control/AnalogControl/Analog.c:364:7:Analog_ActionBtn	56	static
../Dixom/Control/AnalogControl/Analog.c:405:7:Analog_ResetCH	16	static
../Dixom/Control/AnalogControl/Analog.c:413:7:Analog_ChannelBlock	16	static
../Dixom/Control/AnalogControl/Analog.c:418:7:Analog_ActionCH	48	static
../Dixom/Control/AnalogControl/Analog.c:456:7:Analog_SetButton	24	static
../Dixom/Control/AnalogControl/Analog.c:530:7:ANALOG_SET_BUTTON_NAME	88	static
../Dixom/Control/AnalogControl/Analog.c:626:7:Analog_GetButton	136	static
../Dixom/Control/AnalogControl/Analog.c:685:7:Analog_AppInitBTN	16	static
