../Dixom/Exchange/Src/DIX_can.c:28:6:InitTxHeader	4	static
../Dixom/Exchange/Src/DIX_can.c:37:9:UpdateCanFilter	16	static
../Dixom/Exchange/Src/DIX_can.c:91:9:SetCanFilter	8	static
../Dixom/Exchange/Src/DIX_can.c:108:9:SetCanSpeed	16	static
../Dixom/Exchange/Src/DIX_can.c:120:9:SetCanSpeedReg	16	static
../Dixom/Exchange/Src/DIX_can.c:143:9:SetCanStart	8	static
../Dixom/Exchange/Src/DIX_can.c:169:9:SetCanStop	8	static
../Dixom/Exchange/Src/DIX_can.c:188:6:HAL_CAN_RxFifo0MsgPendingCallback	16	static
../Dixom/Exchange/Src/DIX_can.c:202:6:HAL_CAN_TxMailbox0CompleteCallback	16	static
../Dixom/Exchange/Src/DIX_can.c:206:9:Transmit_CAN1	16	static
