../Dixom/Exchange/Src/Exchange.c:22:6:Exchange_Initialization	8	static
../Dixom/Exchange/Src/Exchange.c:33:9:ExchangeStatus	16	static
../Dixom/Exchange/Src/Exchange.c:86:9:TransmitDataOutputs	32	static
../Dixom/Exchange/Src/Exchange.c:259:6:BluetoothTransmit	32	static
../Dixom/Exchange/Src/Exchange.c:324:6:Write_ExchageLogs	16	static
../Dixom/Exchange/Src/Exchange.c:359:6:Copy_ArrayToArray	32	static
../Dixom/Exchange/Src/Exchange.c:372:6:Copy_Array	32	static
../Dixom/Exchange/Src/Exchange.c:387:10:Converter_8_to_u32	24	static
../Dixom/Exchange/Src/Exchange.c:392:6:Converter_u32_to_u8	16	static
../Dixom/Exchange/Src/Exchange.c:401:6:GATEWAY	64	dynamic
../Dixom/Exchange/Src/Exchange.c:429:6:BIT_CHIP_CONTROL	32	static
../Dixom/Exchange/Src/Exchange.c:509:6:Regiser_Read_Loop	32	static
