../Dixom/Menu/Src/display_Menu.c:112:13:SetMenuSetup	4	static
../Dixom/Menu/Src/display_Menu.c:120:13:MenuLevel_1	8	static
../Dixom/Menu/Src/display_Menu.c:123:13:Menu2_Level2	8	static
../Dixom/Menu/Src/display_Menu.c:126:13:Menu_Source	8	static
../Dixom/Menu/Src/display_Menu.c:130:13:Menu_Brightness	8	static
../Dixom/Menu/Src/display_Menu.c:134:13:Menu_GroupVol	8	static
../Dixom/Menu/Src/display_Menu.c:138:13:Menu_Error	4	static
../Dixom/Menu/Src/display_Menu.c:139:13:Menu_View_Error	4	static
../Dixom/Menu/Src/display_Menu.c:141:13:Menu_reinit_dac	8	static
../Dixom/Menu/Src/display_Menu.c:142:13:Menu_reinit_dsp	8	static
../Dixom/Menu/Src/display_Menu.c:143:13:Menu_reinit_sound	8	static
../Dixom/Menu/Src/display_Menu.c:146:13:OpenMenu_0_0_0	8	static
../Dixom/Menu/Src/display_Menu.c:147:13:OpenMenu_1_0_0	8	static
../Dixom/Menu/Src/display_Menu.c:148:13:OpenMenu_2_0_0	8	static
../Dixom/Menu/Src/display_Menu.c:149:13:OpenMenu_5_0_0	8	static
../Dixom/Menu/Src/display_Menu.c:150:13:OpenMenu_2_1_0	8	static
../Dixom/Menu/Src/display_Menu.c:151:13:OpenMenu_2_2_0	8	static
../Dixom/Menu/Src/display_Menu.c:152:13:OpenMenu_2_3_0	8	static
../Dixom/Menu/Src/display_Menu.c:153:13:OpenMenu_2_2_1	8	static
../Dixom/Menu/Src/display_Menu.c:154:13:OpenMenu_2_3_1	8	static
../Dixom/Menu/Src/display_Menu.c:155:13:OpenMenu_5_1_0	8	static
../Dixom/Menu/Src/display_Menu.c:156:13:OpenMenu_6_0_0	8	static
../Dixom/Menu/Src/display_Menu.c:157:13:OpenMenu_6_1_0	8	static
../Dixom/Menu/Src/display_Menu.c:159:6:DisplayOpenMenu	8	static
../Dixom/Menu/Src/display_Menu.c:169:6:DisplayCloseMenu	8	static
../Dixom/Menu/Src/display_Menu.c:177:13:Generic_Write	24	static
../Dixom/Menu/Src/display_Menu.c:192:6:Display_Initialization	16	static
../Dixom/Menu/Src/display_Menu.c:241:6:ActionMenu	24	static
../Dixom/Menu/Src/display_Menu.c:304:6:SetDisplayMenu	16	static
../Dixom/Menu/Src/display_Menu.c:308:6:RefreshDisplay	4	static
../Dixom/Menu/Src/display_Menu.c:312:6:DisplayRefresh	8	static
../Dixom/Menu/Src/display_Menu.c:402:6:MenuBreakTimerUpdate	4	static
../Dixom/Menu/Src/display_Menu.c:410:6:DisplayEvent	16	static
../Dixom/Menu/Src/display_Menu.c:414:6:DisplaySet	16	static
../Dixom/Menu/Src/display_Menu.c:420:6:TIM6_DisplayTimer	4	static
../Dixom/Menu/Src/display_Menu.c:460:6:Initialization_Display_Menu	8	static
../Dixom/Menu/Src/display_Menu.c:470:6:TIM6_mSecondOledDisplay	8	static
