../Dixom/Module/Display/DisplayOled/Src/ssd1306.c:50:9:SSD1306_Init	8	static
../Dixom/Module/Display/DisplayOled/Src/ssd1306.c:109:6:SSD1306_UpdateScreen	32	static
../Dixom/Module/Display/DisplayOled/Src/ssd1306.c:129:6:SSD1306_ToggleInvert	16	static
../Dixom/Module/Display/DisplayOled/Src/ssd1306.c:141:6:SSD1306_Fill	16	static
../Dixom/Module/Display/DisplayOled/Src/ssd1306.c:146:6:SSD1306_DrawPixel	16	static
../Dixom/Module/Display/DisplayOled/Src/ssd1306.c:168:6:SSD1306_GotoXY	16	static
../Dixom/Module/Display/DisplayOled/Src/ssd1306.c:174:6:SSD1306_Putc	32	static
../Dixom/Module/Display/DisplayOled/Src/ssd1306.c:205:6:SSD1306_Puts	24	static
../Dixom/Module/Display/DisplayOled/Src/ssd1306.c:223:6:SSD1306_DrawLine	40	static
../Dixom/Module/Display/DisplayOled/Src/ssd1306.c:307:6:SSD1306_DrawRectangle	32	static
../Dixom/Module/Display/DisplayOled/Src/ssd1306.c:332:6:SSD1306_DrawFilledRectangle	40	static
../Dixom/Module/Display/DisplayOled/Src/ssd1306.c:359:6:SSD1306_DrawTriangle	32	static
../Dixom/Module/Display/DisplayOled/Src/ssd1306.c:367:6:SSD1306_DrawFilledTriangle	64	static
../Dixom/Module/Display/DisplayOled/Src/ssd1306.c:423:6:SSD1306_DrawCircle	40	static
../Dixom/Module/Display/DisplayOled/Src/ssd1306.c:457:6:SSD1306_DrawFilledCircle	48	static
../Dixom/Module/Display/DisplayOled/Src/ssd1306.c:488:6:SSD1306_ON	8	static
../Dixom/Module/Display/DisplayOled/Src/ssd1306.c:493:6:SSD1306_OFF	8	static
../Dixom/Module/Display/DisplayOled/Src/ssd1306.c:509:6:ssd1306_I2C_Init	16	static
../Dixom/Module/Display/DisplayOled/Src/ssd1306.c:521:6:ssd1306_I2C_WriteMulti	72	dynamic
../Dixom/Module/Display/DisplayOled/Src/ssd1306.c:533:6:ssd1306_I2C_Write	40	static
../Dixom/Module/Display/DisplayOled/Src/ssd1306.c:553:6:OLED_SetBrightness	16	static
../Dixom/Module/Display/DisplayOled/Src/ssd1306.c:569:6:ssd1306_I2C_Write2	40	static
