../Dixom/Can/Can_Bus.c:19:9:CAN_Initialization_Final	8	static
../Dixom/Can/Can_Bus.c:46:9:CAN_Struct_Flash_Read	16	static
../Dixom/Can/Can_Bus.c:60:9:Can_Struct_Flash_Write	8	static
../Dixom/Can/Can_Bus.c:69:6:CAN_Show_Settings	32	static
../Dixom/Can/Can_Bus.c:78:6:Can_Settings_Default	16	static
../Dixom/Can/Can_Bus.c:84:9:CAN_Struct_Default	24	static
../Dixom/Can/Can_Bus.c:120:10:CanStructSize	16	static
../Dixom/Can/Can_Bus.c:129:6:Can_Interaction_Loop	8	static
../Dixom/Can/Can_Bus.c:155:6:canTxLoop	4	static
../Dixom/Can/Can_Bus.c:158:6:canRxLoop	16	static
../Dixom/Can/Can_Bus.c:169:6:Receiver_CAN1	40	static
