../Dixom/Pereferiya/DeviceHID/StructDeviceHID.c:19:6:StructDeviceHIDInit	4	static
../Dixom/Pereferiya/DeviceHID/StructDeviceHID.c:22:6:ActionHID	40	static
../Dixom/Pereferiya/DeviceHID/StructDeviceHID.c:116:6:HID_System_PowerDown	24	static
../Dixom/Pereferiya/DeviceHID/StructDeviceHID.c:117:6:HID_System_Sleep	24	static
../Dixom/Pereferiya/DeviceHID/StructDeviceHID.c:118:6:HID_System_Wake_Up	24	static
../Dixom/Pereferiya/DeviceHID/StructDeviceHID.c:119:6:HID_VolUP	24	static
../Dixom/Pereferiya/DeviceHID/StructDeviceHID.c:120:6:HID_VolDown	24	static
../Dixom/Pereferiya/DeviceHID/StructDeviceHID.c:121:6:HID_HOME	4	static
../Dixom/Pereferiya/DeviceHID/StructDeviceHID.c:122:6:HID_Rewind	24	static
../Dixom/Pereferiya/DeviceHID/StructDeviceHID.c:123:6:HID_Forward	24	static
../Dixom/Pereferiya/DeviceHID/StructDeviceHID.c:124:6:HID_Track_Next	24	static
../Dixom/Pereferiya/DeviceHID/StructDeviceHID.c:125:6:HID_Track_Prev	24	static
../Dixom/Pereferiya/DeviceHID/StructDeviceHID.c:126:6:HID_Play_Pause	24	static
../Dixom/Pereferiya/DeviceHID/StructDeviceHID.c:127:6:HID_Mute	24	static
../Dixom/Pereferiya/DeviceHID/StructDeviceHID.c:128:6:HID_Play	24	static
../Dixom/Pereferiya/DeviceHID/StructDeviceHID.c:129:6:HID_Pause	24	static
../Dixom/Pereferiya/DeviceHID/StructDeviceHID.c:130:6:HID_Stop	24	static
../Dixom/Pereferiya/DeviceHID/StructDeviceHID.c:132:6:AccOffMediaCommand	8	static
../Dixom/Pereferiya/DeviceHID/StructDeviceHID.c:142:6:AccOffSystemCommand	8	static
../Dixom/Pereferiya/DeviceHID/StructDeviceHID.c:156:6:HID_ALT_TAB	8	static
../Dixom/Pereferiya/DeviceHID/StructDeviceHID.c:178:6:TIM7_mSecond	8	static
../Dixom/Pereferiya/DeviceHID/StructDeviceHID.c:192:6:HID_NoSleepCommand	32	static
../Dixom/Pereferiya/DeviceHID/StructDeviceHID.c:203:6:HID_Joystick	16	static
../Dixom/Pereferiya/DeviceHID/StructDeviceHID.c:212:6:HID_CustomON	4	static
../Dixom/Pereferiya/DeviceHID/StructDeviceHID.c:222:6:HID_CustomOFF	4	static
